C:/Users/chaou/Downloads/Fx_File_Edit_Standalone/Core/Src/main.c:69:5:main	24	static,ignoring_inline_asm
C:/Users/chaou/Downloads/Fx_File_Edit_Standalone/Core/Src/main.c:132:6:SystemClock_Config	120	static
C:/Users/chaou/Downloads/Fx_File_Edit_Standalone/Core/Src/main.c:191:13:MX_SDMMC1_SD_Init	8	static
C:/Users/chaou/Downloads/Fx_File_Edit_Standalone/Core/Src/main.c:222:13:MX_GPIO_Init	48	static
C:/Users/chaou/Downloads/Fx_File_Edit_Standalone/Core/Src/main.c:264:13:LCD_Config	16	static
C:/Users/chaou/Downloads/Fx_File_Edit_Standalone/Core/Src/main.c:282:6:MPU_Config	24	static
C:/Users/chaou/Downloads/Fx_File_Edit_Standalone/Core/Src/main.c:313:6:Error_Handler	8	static
